// Jest Snapshot v1, https://goo.gl/fbAQLP

exports[`Pruebas en <GifItem /> Debe de hacer match con el snapshot 1`] = `
<div>
  <div
    class="card"
  >
    <img
      alt="Eren Jeger"
      src="https://erenjeager.com/titan.jpg"
    />
    <p>
      Eren Jeger
    </p>
  </div>
</div>
`;
